Captured accepted lifecycle stage available_site
Captured accepted lifecycle stage multi_hit_1
Captured accepted lifecycle stage multi_hit_2
Captured accepted lifecycle stage stabilization
Captured accepted lifecycle stage subgrid_void
Captured accepted lifecycle stage subgrid_growth
Captured accepted lifecycle stage geometric_promotion
Captured accepted lifecycle stage resolved_growth
Captured accepted lifecycle stage ligament_rupture
Captured accepted lifecycle stage source_resolution_attempt
Captured accepted lifecycle stage new_graph_front
Captured accepted lifecycle stage continued_accepted_event
Actual transition attempt birth_hit_2/1
Actual transition attempt birth_hit_2/2
Actual transition attempt birth_hit_2/4
Actual transition attempt birth_hit_2/8
Actual transition attempt birth_hit_2/16
Actual transition attempt subgrid_growth/1
Actual transition attempt subgrid_growth/2
Actual transition attempt subgrid_growth/4
Actual transition attempt subgrid_growth/8
Actual transition attempt subgrid_growth/16
Actual transition attempt downstream_child/1
Actual transition attempt downstream_child/2
Actual transition attempt downstream_child/4
Actual transition attempt downstream_child/8
Actual transition attempt downstream_child/16
{"full_closure_ontology": "NOT_APPLICABLE_PARTIAL_DEVELOPMENT_EXECUTION", "transition_count": 15, "restart_count": 0, "rollback_count": 0}
