Captured accepted lifecycle stage available_site
Captured accepted lifecycle stage multi_hit_1
Captured accepted lifecycle stage multi_hit_2
Captured accepted lifecycle stage stabilization
Captured accepted lifecycle stage subgrid_void
Captured accepted lifecycle stage subgrid_growth
Captured accepted lifecycle stage geometric_promotion
Captured accepted lifecycle stage resolved_growth
Captured accepted lifecycle stage ligament_rupture
Captured accepted lifecycle stage source_resolution_attempt
Captured accepted lifecycle stage new_graph_front
Captured accepted lifecycle stage continued_accepted_event
Actual transition attempt stabilization/1
Actual transition attempt stabilization/2
Actual transition attempt stabilization/4
Actual transition attempt stabilization/8
Actual transition attempt stabilization/16
Actual transition attempt promotion/1
Actual transition attempt promotion/2
Actual transition attempt promotion/4
Actual transition attempt promotion/8
Actual transition attempt promotion/16
Actual transition attempt child_continuation/1
Actual transition attempt child_continuation/2
Actual transition attempt child_continuation/4
Actual transition attempt child_continuation/8
Actual transition attempt child_continuation/16
{"full_closure_ontology": "NOT_APPLICABLE_PARTIAL_DEVELOPMENT_EXECUTION", "transition_count": 15, "restart_count": 0, "rollback_count": 0}
