Captured accepted lifecycle stage available_site
Captured accepted lifecycle stage multi_hit_1
Captured accepted lifecycle stage multi_hit_2
Captured accepted lifecycle stage stabilization
Captured accepted lifecycle stage subgrid_void
Captured accepted lifecycle stage subgrid_growth
Captured accepted lifecycle stage geometric_promotion
Captured accepted lifecycle stage resolved_growth
Captured accepted lifecycle stage ligament_rupture
Captured accepted lifecycle stage source_resolution_attempt
Captured accepted lifecycle stage new_graph_front
Captured accepted lifecycle stage continued_accepted_event
Actual lifecycle rollback first_hit_threshold_renewal
Actual lifecycle rollback second_hit_embryo_transition
Actual lifecycle rollback stabilization
Actual lifecycle rollback healing
Actual lifecycle rollback state_owned_growth
Actual lifecycle rollback initial_inventory_debit
Actual lifecycle rollback inventory_return_under_shrinkage
Actual lifecycle rollback promotion_criterion
Actual lifecycle rollback explicit_cavity_creation
Actual lifecycle rollback promotion_remesh
Actual lifecycle rollback field_transfer
Actual lifecycle rollback equilibrium
Actual lifecycle rollback resolved_growth_remesh
Actual lifecycle rollback ligament_hazard_completion
Actual lifecycle rollback ligament_graph_edit
Actual lifecycle rollback cavity_connection
Actual lifecycle rollback downstream_source_refinement
Actual lifecycle rollback downstream_threshold_completion
Actual lifecycle rollback child_creation
Actual lifecycle rollback child_support_rebuild
Actual lifecycle rollback child_tip_continuation
Actual lifecycle rollback checkpoint_write
Actual lifecycle rollback source_quality_geometry
Actual lifecycle rollback source_quality_field_transfer
Actual lifecycle rollback source_quality_support_rebuild
Actual lifecycle rollback source_quality_equilibrium
Actual lifecycle rollback source_quality_acceptance
Actual lifecycle rollback source_qualification
{"full_closure_ontology": "NOT_APPLICABLE_PARTIAL_DEVELOPMENT_EXECUTION", "transition_count": 0, "restart_count": 0, "rollback_count": 39}
