Reconstructed stagewise:multi_hit_1:None
Reconstructed stagewise:multi_hit_2:None
Reconstructed stagewise:stabilization:None
Reconstructed stagewise:subgrid_void:None
Reconstructed stagewise:subgrid_growth:None
Reconstructed stagewise:geometric_promotion:None
Reconstructed stagewise:resolved_growth:None
Reconstructed stagewise:ligament_rupture:None
Reconstructed stagewise:source_resolution_attempt:None
Reconstructed stagewise:new_graph_front:None
Reconstruction FAILED stagewise:continued_accepted_event:None
Reconstructed transitions:birth_hit_1:1
Reconstructed transitions:birth_hit_1:2
Reconstructed transitions:birth_hit_1:4
Reconstructed transitions:birth_hit_1:8
Reconstructed transitions:birth_hit_1:16
Reconstructed transitions:healing:1
Reconstructed transitions:healing:2
Reconstructed transitions:healing:4
Reconstructed transitions:healing:8
Reconstructed transitions:healing:16
Reconstructed transitions:ligament:1
Reconstructed transitions:ligament:2
Reconstructed transitions:ligament:4
Reconstructed transitions:ligament:8
Reconstructed transitions:ligament:16
Reconstructed transitions:birth_hit_2:1
Reconstructed transitions:birth_hit_2:2
Reconstructed transitions:birth_hit_2:4
Reconstructed transitions:birth_hit_2:8
Reconstructed transitions:birth_hit_2:16
Reconstructed transitions:subgrid_growth:1
Reconstructed transitions:subgrid_growth:2
Reconstructed transitions:subgrid_growth:4
Reconstructed transitions:subgrid_growth:8
Reconstructed transitions:subgrid_growth:16
Reconstructed transitions:downstream_child:1
Reconstructed transitions:downstream_child:2
Reconstructed transitions:downstream_child:4
Reconstructed transitions:downstream_child:8
Reconstructed transitions:downstream_child:16
Reconstructed transitions:stabilization:1
Reconstructed transitions:stabilization:2
Reconstructed transitions:stabilization:4
Reconstructed transitions:stabilization:8
Reconstructed transitions:stabilization:16
Reconstructed transitions:promotion:1
Reconstructed transitions:promotion:2
Reconstructed transitions:promotion:4
Reconstructed transitions:promotion:8
Reconstructed transitions:promotion:16
Reconstructed transitions:child_continuation:1
Reconstructed transitions:child_continuation:2
Reconstructed transitions:child_continuation:4
Reconstructed transitions:child_continuation:8
Reconstructed transitions:child_continuation:16
{"schema": "v5.development-lifecycle-source-reconstruction/1", "record_kind": "READ_ONLY_RECONSTRUCTION_NOT_NEW_PHYSICAL_EXECUTION", "section": "transitions", "source_sha": "ec79645f9fe8f7a5dca92fecd94d79d5eda89b28", "verification_code_sha": "2fa81f2d20854f038fb09685fdff27480f51014c", "python_version": "3.12.14", "valid": false, "complete_section_registry": true, "complete_final_campaign": false, "actual_section_cases": 45, "actual_source_rows": 56, "producer_predicate_passed_cases": 45, "science_passed": false, "row_reconstruction_results": [{"execution_id": "stagewise:multi_hit_1:None:0:ec79645f9fe8f7a5dca92fecd94d79d5eda89b28", "dataset": "stagewise", "case_identity": "multi_hit_1", "partition_count": null, "valid": true, "failure": null}, {"execution_id": "stagewise:multi_hit_2:None:1:ec79645f9fe8f7a5dca92fecd94d79d5eda89b28", "dataset": "stagewise", "case_identity": "multi_hit_2", "partition_count": null, "valid": true, "failure": null}, {"execution_id": "stagewise:stabilization:None:2:ec79645f9fe8f7a5dca92fecd94d79d5eda89b28", "dataset": "stagewise", "case_identity": "stabilization", "partition_count": null, "valid": true, "failure": null}, {"execution_id": "stagewise:subgrid_void:None:3:ec79645f9fe8f7a5dca92fecd94d79d5eda89b28", "dataset": "stagewise", "case_identity": "subgrid_void", "partition_count": null, "valid": true, "failure": null}, {"execution_id": "stagewise:subgrid_growth:None:4:ec79645f9fe8f7a5dca92fecd94d79d5eda89b28", "dataset": "stagewise", "case_identity": "subgrid_growth", "partition_count": null, "valid": true, "failure": null}, {"execution_id": "stagewise:geometric_promotion:None:5:ec79645f9fe8f7a5dca92fecd94d79d5eda89b28", "dataset": "stagewise", "case_identity": "geometric_promotion", "partition_count": null, "valid": true, "failure": null}, {"execution_id": "stagewise:resolved_growth:None:6:ec79645f9fe8f7a5dca92fecd94d79d5eda89b28", "dataset": "stagewise", "case_identity": "resolved_growth", "partition_count": null, "valid": true, "failure": null}, {"execution_id": "stagewise:ligament_rupture:None:7:ec79645f9fe8f7a5dca92fecd94d79d5eda89b28", "dataset": "stagewise", "case_identity": "ligament_rupture", "partition_count": null, "valid": true, "failure": null}, {"execution_id": "stagewise:source_resolution_attempt:None:8:ec79645f9fe8f7a5dca92fecd94d79d5eda89b28", "dataset": "stagewise", "case_identity": "source_resolution_attempt", "partition_count": null, "valid": true, "failure": null}, {"execution_id": "stagewise:new_graph_front:None:9:ec79645f9fe8f7a5dca92fecd94d79d5eda89b28", "dataset": "stagewise", "case_identity": "new_graph_front", "partition_count": null, "valid": true, "failure": null}, {"execution_id": "stagewise:continued_accepted_event:None:10:ec79645f9fe8f7a5dca92fecd94d79d5eda89b28", "dataset": "stagewise", "case_identity": "continued_accepted_event", "partition_count": null, "valid": false, "failure": {"type": "ValueError", "message": "stagewise topology does not recompute from accepted source"}}, {"execution_id": "transitions:birth_hit_1:1:11:ec79645f9fe8f7a5dca92fecd94d79d5eda89b28", "dataset": "transitions", "case_identity": "birth_hit_1", "partition_count": 1, "valid": true, "failure": null}, {"execution_id": "transitions:birth_hit_1:2:12:ec79645f9fe8f7a5dca92fecd94d79d5eda89b28", "dataset": "transitions", "case_identity": "birth_hit_1", "partition_count": 2, "valid": true, "failure": null}, {"execution_id": "transitions:birth_hit_1:4:13:ec79645f9fe8f7a5dca92fecd94d79d5eda89b28", "dataset": "transitions", "case_identity": "birth_hit_1", "partition_count": 4, "valid": true, "failure": null}, {"execution_id": "transitions:birth_hit_1:8:14:ec79645f9fe8f7a5dca92fecd94d79d5eda89b28", "dataset": "transitions", "case_identity": "birth_hit_1", "partition_count": 8, "valid": true, "failure": null}, {"execution_id": "transitions:birth_hit_1:16:15:ec79645f9fe8f7a5dca92fecd94d79d5eda89b28", "dataset": "transitions", "case_identity": "birth_hit_1", "partition_count": 16, "valid": true, "failure": null}, {"execution_id": "transitions:healing:1:16:ec79645f9fe8f7a5dca92fecd94d79d5eda89b28", "dataset": "transitions", "case_identity": "healing", "partition_count": 1, "valid": true, "failure": null}, {"execution_id": "transitions:healing:2:17:ec79645f9fe8f7a5dca92fecd94d79d5eda89b28", "dataset": "transitions", "case_identity": "healing", "partition_count": 2, "valid": true, "failure": null}, {"execution_id": "transitions:healing:4:18:ec79645f9fe8f7a5dca92fecd94d79d5eda89b28", "dataset": "transitions", "case_identity": "healing", "partition_count": 4, "valid": true, "failure": null}, {"execution_id": "transitions:healing:8:19:ec79645f9fe8f7a5dca92fecd94d79d5eda89b28", "dataset": "transitions", "case_identity": "healing", "partition_count": 8, "valid": true, "failure": null}, {"execution_id": "transitions:healing:16:20:ec79645f9fe8f7a5dca92fecd94d79d5eda89b28", "dataset": "transitions", "case_identity": "healing", "partition_count": 16, "valid": true, "failure": null}, {"execution_id": "transitions:ligament:1:21:ec79645f9fe8f7a5dca92fecd94d79d5eda89b28", "dataset": "transitions", "case_identity": "ligament", "partition_count": 1, "valid": true, "failure": null}, {"execution_id": "transitions:ligament:2:22:ec79645f9fe8f7a5dca92fecd94d79d5eda89b28", "dataset": "transitions", "case_identity": "ligament", "partition_count": 2, "valid": true, "failure": null}, {"execution_id": "transitions:ligament:4:23:ec79645f9fe8f7a5dca92fecd94d79d5eda89b28", "dataset": "transitions", "case_identity": "ligament", "partition_count": 4, "valid": true, "failure": null}, {"execution_id": "transitions:ligament:8:24:ec79645f9fe8f7a5dca92fecd94d79d5eda89b28", "dataset": "transitions", "case_identity": "ligament", "partition_count": 8, "valid": true, "failure": null}, {"execution_id": "transitions:ligament:16:25:ec79645f9fe8f7a5dca92fecd94d79d5eda89b28", "dataset": "transitions", "case_identity": "ligament", "partition_count": 16, "valid": true, "failure": null}, {"execution_id": "transitions:birth_hit_2:1:0:ec79645f9fe8f7a5dca92fecd94d79d5eda89b28", "dataset": "transitions", "case_identity": "birth_hit_2", "partition_count": 1, "valid": true, "failure": null}, {"execution_id": "transitions:birth_hit_2:2:1:ec79645f9fe8f7a5dca92fecd94d79d5eda89b28", "dataset": "transitions", "case_identity": "birth_hit_2", "partition_count": 2, "valid": true, "failure": null}, {"execution_id": "transitions:birth_hit_2:4:2:ec79645f9fe8f7a5dca92fecd94d79d5eda89b28", "dataset": "transitions", "case_identity": "birth_hit_2", "partition_count": 4, "valid": true, "failure": null}, {"execution_id": "transitions:birth_hit_2:8:3:ec79645f9fe8f7a5dca92fecd94d79d5eda89b28", "dataset": "transitions", "case_identity": "birth_hit_2", "partition_count": 8, "valid": true, "failure": null}, {"execution_id": "transitions:birth_hit_2:16:4:ec79645f9fe8f7a5dca92fecd94d79d5eda89b28", "dataset": "transitions", "case_identity": "birth_hit_2", "partition_count": 16, "valid": true, "failure": null}, {"execution_id": "transitions:subgrid_growth:1:5:ec79645f9fe8f7a5dca92fecd94d79d5eda89b28", "dataset": "transitions", "case_identity": "subgrid_growth", "partition_count": 1, "valid": true, "failure": null}, {"execution_id": "transitions:subgrid_growth:2:6:ec79645f9fe8f7a5dca92fecd94d79d5eda89b28", "dataset": "transitions", "case_identity": "subgrid_growth", "partition_count": 2, "valid": true, "failure": null}, {"execution_id": "transitions:subgrid_growth:4:7:ec79645f9fe8f7a5dca92fecd94d79d5eda89b28", "dataset": "transitions", "case_identity": "subgrid_growth", "partition_count": 4, "valid": true, "failure": null}, {"execution_id": "transitions:subgrid_growth:8:8:ec79645f9fe8f7a5dca92fecd94d79d5eda89b28", "dataset": "transitions", "case_identity": "subgrid_growth", "partition_count": 8, "valid": true, "failure": null}, {"execution_id": "transitions:subgrid_growth:16:9:ec79645f9fe8f7a5dca92fecd94d79d5eda89b28", "dataset": "transitions", "case_identity": "subgrid_growth", "partition_count": 16, "valid": true, "failure": null}, {"execution_id": "transitions:downstream_child:1:10:ec79645f9fe8f7a5dca92fecd94d79d5eda89b28", "dataset": "transitions", "case_identity": "downstream_child", "partition_count": 1, "valid": true, "failure": null}, {"execution_id": "transitions:downstream_child:2:11:ec79645f9fe8f7a5dca92fecd94d79d5eda89b28", "dataset": "transitions", "case_identity": "downstream_child", "partition_count": 2, "valid": true, "failure": null}, {"execution_id": "transitions:downstream_child:4:12:ec79645f9fe8f7a5dca92fecd94d79d5eda89b28", "dataset": "transitions", "case_identity": "downstream_child", "partition_count": 4, "valid": true, "failure": null}, {"execution_id": "transitions:downstream_child:8:13:ec79645f9fe8f7a5dca92fecd94d79d5eda89b28", "dataset": "transitions", "case_identity": "downstream_child", "partition_count": 8, "valid": true, "failure": null}, {"execution_id": "transitions:downstream_child:16:14:ec79645f9fe8f7a5dca92fecd94d79d5eda89b28", "dataset": "transitions", "case_identity": "downstream_child", "partition_count": 16, "valid": true, "failure": null}, {"execution_id": "transitions:stabilization:1:0:ec79645f9fe8f7a5dca92fecd94d79d5eda89b28", "dataset": "transitions", "case_identity": "stabilization", "partition_count": 1, "valid": true, "failure": null}, {"execution_id": "transitions:stabilization:2:1:ec79645f9fe8f7a5dca92fecd94d79d5eda89b28", "dataset": "transitions", "case_identity": "stabilization", "partition_count": 2, "valid": true, "failure": null}, {"execution_id": "transitions:stabilization:4:2:ec79645f9fe8f7a5dca92fecd94d79d5eda89b28", "dataset": "transitions", "case_identity": "stabilization", "partition_count": 4, "valid": true, "failure": null}, {"execution_id": "transitions:stabilization:8:3:ec79645f9fe8f7a5dca92fecd94d79d5eda89b28", "dataset": "transitions", "case_identity": "stabilization", "partition_count": 8, "valid": true, "failure": null}, {"execution_id": "transitions:stabilization:16:4:ec79645f9fe8f7a5dca92fecd94d79d5eda89b28", "dataset": "transitions", "case_identity": "stabilization", "partition_count": 16, "valid": true, "failure": null}, {"execution_id": "transitions:promotion:1:5:ec79645f9fe8f7a5dca92fecd94d79d5eda89b28", "dataset": "transitions", "case_identity": "promotion", "partition_count": 1, "valid": true, "failure": null}, {"execution_id": "transitions:promotion:2:6:ec79645f9fe8f7a5dca92fecd94d79d5eda89b28", "dataset": "transitions", "case_identity": "promotion", "partition_count": 2, "valid": true, "failure": null}, {"execution_id": "transitions:promotion:4:7:ec79645f9fe8f7a5dca92fecd94d79d5eda89b28", "dataset": "transitions", "case_identity": "promotion", "partition_count": 4, "valid": true, "failure": null}, {"execution_id": "transitions:promotion:8:8:ec79645f9fe8f7a5dca92fecd94d79d5eda89b28", "dataset": "transitions", "case_identity": "promotion", "partition_count": 8, "valid": true, "failure": null}, {"execution_id": "transitions:promotion:16:9:ec79645f9fe8f7a5dca92fecd94d79d5eda89b28", "dataset": "transitions", "case_identity": "promotion", "partition_count": 16, "valid": true, "failure": null}, {"execution_id": "transitions:child_continuation:1:10:ec79645f9fe8f7a5dca92fecd94d79d5eda89b28", "dataset": "transitions", "case_identity": "child_continuation", "partition_count": 1, "valid": true, "failure": null}, {"execution_id": "transitions:child_continuation:2:11:ec79645f9fe8f7a5dca92fecd94d79d5eda89b28", "dataset": "transitions", "case_identity": "child_continuation", "partition_count": 2, "valid": true, "failure": null}, {"execution_id": "transitions:child_continuation:4:12:ec79645f9fe8f7a5dca92fecd94d79d5eda89b28", "dataset": "transitions", "case_identity": "child_continuation", "partition_count": 4, "valid": true, "failure": null}, {"execution_id": "transitions:child_continuation:8:13:ec79645f9fe8f7a5dca92fecd94d79d5eda89b28", "dataset": "transitions", "case_identity": "child_continuation", "partition_count": 8, "valid": true, "failure": null}, {"execution_id": "transitions:child_continuation:16:14:ec79645f9fe8f7a5dca92fecd94d79d5eda89b28", "dataset": "transitions", "case_identity": "child_continuation", "partition_count": 16, "valid": true, "failure": null}], "decision_reconstruction_errors": [], "source_reconstruction_passed_rows": 55, "checkpoint_assembly_conflicts": false}
